npmとは
　【バージョンの確認】
$ npm -v
8.1.0

　【version コマンド】
$ npm version
{
  npmstudy: '1.0.0',       
  npm: '8.1.0',
  node: '16.13.0',
  v8: '9.4.146.19-node.13',
  uv: '1.42.0',
  zlib: '1.2.11',
  brotli: '1.0.9',
  ares: '1.17.2',
  modules: '93',
  nghttp2: '1.45.1',       
  napi: '8',
  llhttp: '6.0.4',
  openssl: '1.1.1l+quic',  
  cldr: '39.0',
  icu: '69.1',
  tz: '2021a',
  unicode: '13.0',
  ngtcp2: '0.1.0-DEV',     
  nghttp3: '0.1.0-DEV'     
}

　【npmのコマンドの書式とヘルプ】
$ npm
npm <command>

Usage:

npm install        install all the dependencies in your project
npm install <foo>  add the <foo> dependency to your project
npm test           run this project's tests
npm run <foo>      run the script named <foo>
npm <command> -h   quick help on <command>
npm -l             display usage info for all commands
npm help <term>    search for help on <term> (in a browser)
npm help npm       more involved overview (in a browser)

All commands:

    access, adduser, audit, bin, bugs, cache, ci, completion,
    config, dedupe, deprecate, diff, dist-tag, docs, doctor,
    edit, exec, explain, explore, find-dupes, fund, get, help,
    hook, init, install, install-ci-test, install-test, link,
    ll, login, logout, ls, org, outdated, owner, pack, ping,
    pkg, prefix, profile, prune, publish, rebuild, repo,
    restart, root, run-script, search, set, set-script,
    shrinkwrap, star, stars, start, stop, team, test, token,
    uninstall, unpublish, unstar, update, version, view, whoami

Specify configs in the ini-formatted file:
    C:\Users\mmiya\.npmrc
or on the command line via: npm <command> --key=value

More configuration info: npm help config
Configuration fields: npm help 7 config

npm@8.1.0 C:\Program Files\nodejs\node_modules\npm

  <クイックヘルプ>
$ npm init -h
npm init

Create a package.json file

Usage:
npm init [--force|-f|--yes|-y|--scope]
npm init <@scope> (same as `npx <@scope>/create`)
npm init [<@scope>/]<name> (same as `npx [<@scope>/]create-<name>`)

Options:
[-y|--yes] [-f|--force]
[-w|--workspace <workspace-name> [-w|--workspace <workspace-name> ...]]
[-ws|--workspaces] [--include-workspace-root]

aliases: create, innit

Run "npm help init" for more info


【パッケージのインストール】
①ローカルインストール
　　パッケージをカレントディレクトリ配下（プロジェクトごと）の node_modules ディレクトリにインストールします。

②グローバルインストール
　　パッケージを npm のルート配下の node_modules ディレクトリにインストールします。
　　

　＜npm のルートの場所＞
$ npm root -g
C:\Users\mmiya\AppData\Roaming\npm\node_modules

$ cd Myproj
$ npm root 
C:\Personal\npm\Myproj\node_modules

　＜インストールされているパッケージの確認＞
$ npm list
C:\Personal\npm\Myproj
└── (empty)

$ npm list -g --depth=0
C:\Users\mmiya\AppData\Roaming\npm
├── @google/clasp@2.4.1
└── @vue/cli@4.5.13

【パッケージの管理】
npm は依存関係を解決してパッケージをインストールするだけではなく、
必要に応じてバージョン管理や本番環境（Production）用、開発環境（Development）用と言ったパッケージ管理が可能です。
　　package.json　　　　そのプロジェクトでインストールしたパッケージの情報
　　package-lock.json 　このファイルを使ってパッケージのバージョンを固定する

　＜ローカルインストール＞
　　・初期化 npm init
$ npm init -y
Wrote to C:\Personal\npm\Myproj\package.json:

{
  "name": "myproj",
  "version": "1.0.0",
  "description": "",
  "main": "index.js",
  "scripts": {
    "test": "echo \"Error: no test specified\" && exit 1"
  },
  "keywords": [],
  "author": "",
  "license": "ISC"
}
$ ls
package.json

　　・インストール npm install
$ npm install jquery

added 1 package, and audited 2 packages in 4s

found 0 vulnerabilities

$ ls
node_modules/  package.json  package-lock.json

$ npm list
myproj@1.0.0 C:\Personal\npm\Myproj
└── jquery@3.6.0


　　・バージョンを指定してインストール
$ npm install sax@">=0.1.0 <0.2.0"

added 1 package, and audited 3 packages in 3s

found 0 vulnerabilities

$ npm list
myproj@1.0.0 C:\Personal\npm\Myproj
├── jquery@3.6.0
└── sax@0.1.5

【プロジェクトの複製・コピー】
$ mkdir Myproj2
$ cd Myproj2
$ cp ../Myproj/package.json ./
$ npm install

added 2 packages, and audited 3 packages in 3s

found 0 vulnerabilities

$ ls
node_modules/  package.json  package-lock.json
$ cd node_modules
$ ls 
jquery/  sax/

　＜--production フラグ＞
　npm install で --production オプションを指定して実行すると package.json の devDependencies に記載されているパッケージ（パッケージのインストール時に --save-dev オプションを指定してインストールした開発環境用のパッケージ）はインストールされません
　

【パッケージの検索 search】
$ npm search sax
NAME                      | DESCRIPTION          | AUTHOR          | DATE       | VERSION  | KEYWORDS
sax                       | An evented…          | =isaacs         | 2017-06-22 | 1.2.4    |
node-expat                | NodeJS binding for…  | =chris-rock…    | 2021-03-12 | 2.4.0    | xml sax expat libexpat
elementtree               | XML Serialization…   | =jirwin =kami…  | 2017-01-24 | 0.1.7    | xml sax parser seraliz
parserlib                 | CSS3 SAX-inspired…   | =cscott…        | 2016-12-06 | 1.1.1    | parser css css3 sax 
stosm2obj                   | Converts an OSM XML… | =andrew_chou…   | 2017-10-17 | 3.0.0    | xml sax osm stream    
bbcode-parser-sax         | A simple,…           | =anonusr        | 2022-01-21 | 1.0.1    | bbcode parser sax     
xml-toolkit               | Collection of…       | =do-            | 2022-03-21 | 1.0.5    | xml sax stax
saxophone                 | Fast and…            | =matteodelabre  | 2021-07-26 | 0.7.2    | xml parser stream sax 
bass-clarinet             | SAX based evented…   | =corno          | 2021-05-18 | 0.77.5   | sax json typescript co
saxpath                   | XPath expression…    | =steven.looman  | 2016-09-02 | 0.6.5    | xml sax xpath parser e
bass-clarinet-typed       | SAX based evented…   | =corno          | 2021-02-08 | 0.99.0   | sax json typescript co
@trysound/sax             | An evented…          | =trysound       | 2021-08-30 | 0.2.0    |
dr-sax                    | An html to markdown… | =toddself       | 2015-03-20 | 1.0.12   | markdown html converte
sax-wasm                  | An extremely fast…   | =justinwilaby   | 2022-04-08 | 2.1.3    | XML parser sax web ass
clarinet                  | SAX based evented…   | =thejh =dscape… | 2022-01-07 | 0.12.5   | sax json parser stream
nkit4nodejs               | Fast XML to…         | =eye3           | 2017-03-12 | 2.5.1    | xml js json data cdata
ant-parserlib             | CSS3 SAX-inspired…   | =chrisfan       | 2017-07-12 | 1.1.3    | parser css css3 sax st
@doodad-js/xml            | XML Parser           | =doodadjs       | 2018-06-07 | 5.2.0-b… | doodad-js xml xsd dtd 

【パッケージの詳細情報 view】
$ npm view sax

sax@1.2.4 | ISC | deps: none | versions: 45
An evented streaming XML parser in JavaScript
https://github.com/isaacs/sax-js#readme

dist
.tarball: https://registry.npmjs.org/sax/-/sax-1.2.4.tgz
.shasum: 2816234e2378bddc4e5354fab5caa895df7100d9
.integrity: sha512-NqVDv9TpANUjFm0N8uM5GxL36UgKi9/atZw+x7YFnQ8ckwFGKrl4xX4yWtrey3UJm5nP1kUbnYgLopqWNSRhWw==        

maintainers:
- isaacs <i@izs.me>

dist-tags:
false: 0.4.0   latest: 1.2.4

published over a year ago by isaacs <i@izs.me>

【パッケージのバージョンを表示】
$ npm view jquery version
3.6.0

$ npm view jquery versions
[
  '1.5.1',        '1.6.2',      '1.6.3',        '1.7.2',
  '1.7.3',        '1.8.2',      '1.8.3',        '1.9.1',
  '1.11.0-beta3', '1.11.0-rc1', '1.11.0',       '1.11.1-beta1',
  '1.11.1-rc1',   '1.11.1-rc2', '1.11.1',       '1.11.2',
  '1.11.3',       '1.12.0',     '1.12.1',       '1.12.2',
  '1.12.3',       '1.12.4',     '2.1.0-beta2',  '2.1.0-beta3',
  '2.1.0-rc1',    '2.1.0',      '2.1.1-beta1',  '2.1.1-rc1',
  '2.1.1-rc2',    '2.1.1',      '2.1.2',        '2.1.3',
  '2.1.4',        '2.2.0',      '2.2.1',        '2.2.2',
  '2.2.3',        '2.2.4',      '3.0.0-alpha1', '3.0.0-beta1',
  '3.0.0-rc1',    '3.0.0',      '3.1.0',        '3.1.1',
  '3.2.0',        '3.2.1',      '3.3.0',        '3.3.1',
  '3.4.0',        '3.4.1',      '3.5.0',        '3.5.1',
  '3.6.0'
]

【package.json】
中身
{
  "name": "myproj",
  "version": "1.0.0",
  "description": "",
  "main": "index.js",
  "scripts": {
    "test": "echo \"Error: no test specified\" && exit 1"
  },
  "keywords": [],
  "author": "",
  "license": "ISC",
  "dependencies": {
    "jquery": "^3.6.0",
    "sax": "^0.1.5"
  }
}

このプロジェクトに開発環境用として TypeScript のパッケージをインストールする
$ npm install -D typescript

added 1 package, and audited 4 packages in 12s

found 0 vulnerabilities

{
  "name": "myproj",
  "version": "1.0.0",
  "description": "",
  "main": "index.js",
  "scripts": {
    "test": "echo \"Error: no test specified\" && exit 1"
  },
  "keywords": [],
  "author": "",
  "license": "ISC",
  "dependencies": {
    "jquery": "^3.6.0",
    "sax": "^0.1.5"
  },
  "devDependencies": {　　　　　　←ここから先が追加された
    "typescript": "^4.6.3"
  }
}

【scripts フィールド（npm scripts）】
package.json
{
  "name": "myproj",
  "version": "1.0.0",
  "description": "",
  "main": "index.js",
  "scripts": {
    "start": "node index.js" ,         <-- ①
    "foo": "echo 'Hello from Foo!'",   <-- ②
    "npm-ver": "npm --version"         <-- ③
  },
  "keywords": [],
  "author": "",
  "license": "ISC",
  "dependencies": {
    "jquery": "^3.6.0",
    "sax": "^0.1.5"
  },
  "devDependencies": {
    "typescript": "^4.6.3"
  }
}

①
$ npm start

> myproj@1.0.0 start
> node index.js

Hello npm!##

②
$ npm run foo

> myproj@1.0.0 foo
> echo 'Hello from Foo!'

'Hello from Foo!'

③
$ npm run npm-ver --silent
8.1.0